// Vitest Snapshot v1, https://vitest.dev/guide/snapshot.html

exports[`errorMessages Snapshots > should match snapshot for 400 validation error 1`] = `"Por favor, verifique seus dados e tente novamente."`;

exports[`errorMessages Snapshots > should match snapshot for 401 unauthorized 1`] = `"Sua sessão expirou. Por favor, faça login novamente."`;

exports[`errorMessages Snapshots > should match snapshot for 403 forbidden 1`] = `"Você não tem permissão para realizar esta ação."`;

exports[`errorMessages Snapshots > should match snapshot for 404 not found 1`] = `"O recurso solicitado não foi encontrado."`;

exports[`errorMessages Snapshots > should match snapshot for 409 conflict 1`] = `"Este recurso já existe. Por favor, use um valor diferente."`;

exports[`errorMessages Snapshots > should match snapshot for 500 server error 1`] = `"Erro do sistema. Por favor, tente novamente mais tarde."`;

exports[`errorMessages Snapshots > should match snapshot for 502 bad gateway 1`] = `"Erro do servidor. Por favor, tente novamente mais tarde."`;

exports[`errorMessages Snapshots > should match snapshot for 503 service unavailable 1`] = `"Sistema temporariamente indisponível. Por favor, tente novamente mais tarde."`;

exports[`errorMessages Snapshots > should match snapshot for all status codes 1`] = `
{
  "400": "Por favor, verifique seus dados e tente novamente.",
  "401": "Sua sessão expirou. Por favor, faça login novamente.",
  "403": "Você não tem permissão para realizar esta ação.",
  "404": "O recurso solicitado não foi encontrado.",
  "409": "Este recurso já existe. Por favor, use um valor diferente.",
  "500": "Erro do sistema. Por favor, tente novamente mais tarde.",
  "502": "Erro do servidor. Por favor, tente novamente mais tarde.",
  "503": "Sistema temporariamente indisponível. Por favor, tente novamente mais tarde.",
}
`;

exports[`errorMessages Snapshots > should match snapshot for network error 1`] = `"Erro de conexão. Verifique sua internet e tente novamente."`;

exports[`errorMessages Snapshots > should match snapshot for unknown error status 1`] = `"Erro do servidor. Por favor, tente novamente mais tarde."`;
